Microchip MPLAB XC8 Compiler V2.05 ()

Linker command line:

-W-3 --edf=C:\Program Files (x86)\Microchip\xc8\v2.05\pic\dat\en_msgs.txt \
  -cs -h+dist/default/production\Solar_Harvesting.X.production.sym \
  --cmf=dist/default/production\Solar_Harvesting.X.production.cmf -z \
  -Q18F46K22 -oC:\Users\Silviu\AppData\Local\Temp\s1ek.2 \
  --defsym=__MPLAB_BUILD=1 \
  -Mdist/default/production/Solar_Harvesting.X.production.map -E1 -ver=XC8 \
  --acfsm=1493 -ASTACK=0160h-0F37h -pstack=STACK -ACODE=00h-0FFFFh \
  -ACONST=00h-0FFFFh -ASMALLCONST=01000h-010FFhx240 \
  -AMEDIUMCONST=01000h-0FFFFh -ACOMRAM=01h-05Fh -AABS1=00h-0F37h \
  -ABIGRAM=01h-0F37h -ARAM=060h-0FFh,0100h-01FFhx14,0F00h-0F37h \
  -ABANK0=060h-0FFh -ABANK1=0100h-01FFh -ABANK2=0200h-02FFh \
  -ABANK3=0300h-03FFh -ABANK4=0400h-04FFh -ABANK5=0500h-05FFh \
  -ABANK6=0600h-06FFh -ABANK7=0700h-07FFh -ABANK8=0800h-08FFh \
  -ABANK9=0900h-09FFh -ABANK10=0A00h-0AFFh -ABANK11=0B00h-0BFFh \
  -ABANK12=0C00h-0CFFh -ABANK13=0D00h-0DFFh -ABANK14=0E00h-0EFFh \
  -ABANK15=0F00h-0F37h -ASFR=0F38h-0F5Fh,0F60h-0FFFh \
  -preset_vec=00h,intcode,intcodelo,powerup,init -pramtop=01000h \
  -psmallconst=SMALLCONST -pmediumconst=MEDIUMCONST -pconst=CONST \
  -AFARRAM=00h-00h -ACONFIG=0300000h-030000Dh -pconfig=CONFIG \
  -AIDLOC=0200000h-0200007h -pidloc=IDLOC -AEEDATA=0F00000h-0F003FFh \
  -peeprom_data=EEDATA \
  -prdata=COMRAM,nvrram=COMRAM,nvbit=COMRAM,rbss=COMRAM,rbit=COMRAM \
  -pfarbss=FARRAM,fardata=FARRAM,nvFARRAM=FARRAM \
  -pintsave_regs=BIGRAM,bigbss=BIGRAM,bigdata=BIGRAM -pbss=RAM \
  -pidata=CODE,irdata=CODE,ibigdata=CODE,ifardata=CODE -prparam=COMRAM \
  C:\Users\Silviu\AppData\Local\Temp\s1ek.o \
  dist/default/production\Solar_Harvesting.X.production.o 

Object code version is 3.11

Machine type is 18F46K22

Call graph: (short form)




                Name                               Link     Load   Length Selector   Space Scale
C:\Users\Silviu\AppData\Local\Temp\s1ek.o
                init                                  0        0        4        0       0
                idloc                            200000   200000        8   200000       0
                config                           300000   300000        E   300000       0
dist/default/production\Solar_Harvesting.X.production.o
                smallconst                         1000     1000       4C      800       0
                text57                             3F80     3F80        C      826       0
                text56                             3B9A     3B9A       54      826       0
                text55                             3F52     3F52       12      826       0
                text54                             3F9E     3F9E        8      826       0
                text53                             3F96     3F96        8      826       0
                text52                             3F8C     3F8C        A      826       0
                text51                             3F18     3F18       22      826       0
                text50                             3CDC     3CDC       48      826       0
                text49                             3F72     3F72        E      826       0
                text48                             36DA     36DA       82      826       0
                text47                             39EA     39EA       5A      826       0
                text46                             3F64     3F64        E      826       0
                text45                             375C     375C       7C      826       0
                text44                             3C40     3C40       50      826       0
                text43                             3A44     3A44       58      826       0
                text42                             37D8     37D8       76      826       0
                text41                             38BE     38BE       6C      826       0
                text40                             3F3A     3F3A       18      826       0
                text39                             2FE0     2FE0       D0      826       0
                text38                             3DE0     3DE0       38      826       0
                text37                             1D6C     1D6C      352      826       0
                text36                             2C78     2C78      140      826       0
                text35                             2EDE     2EDE      102      826       0
                text34                             26FA     26FA      288      826       0
                text33                             3236     3236       B6      826       0
                text32                             2DB8     2DB8      126      826       0
                text31                             317C     317C       BA      826       0
                text30                             3658     3658       82      826       0
                text29                             35D6     35D6       82      826       0
                text28                             3ED0     3ED0       26      826       0
                text27                             3E48     3E48       30      826       0
                text26                             3D6A     3D6A       3E      826       0
                text25                             2B38     2B38      140      826       0
                text24                             3552     3552       84      826       0
                text23                             384E     384E       70      826       0
                text22                             34C8     34C8       8A      826       0
                text21                             3E78     3E78       2E      826       0
                text20                             23EE     23EE      30C      826       0
                text19                             3D24     3D24       46      826       0
                text18                             30B0     30B0       CC      826       0
                text17                             2982     2982      1B6      826       0
                text16                             3FA6     3FA6        2      826       0
                text15                             338E     338E       A0      826       0
                text14                             3DA8     3DA8       38      826       0
                text13                             3EA6     3EA6       2A      826       0
                text12                             342E     342E       9A      826       0
                text11                             3B46     3B46       54      826       0
                text10                             3E18     3E18       30      826       0
                text9                              3C90     3C90       4C      826       0
                text8                              104C     104C      97C      826       0
                text7                              32EC     32EC       A2      826       0
                text6                              19C8     19C8      3A4      826       0
                text5                              3A9C     3A9C       56      826       0
                text4                              3BEE     3BEE       52      826       0
                text3                              398A     398A       60      826       0
                text2                              392A     392A       60      826       0
                text1                              3AF2     3AF2       54      826       0
                text0                              20BE     20BE      330      826       0
                cstackCOMRAM                          1        1       5E        1       1
                cstackBANK0                          60       60       5A       60       1
                bssBANK1                            100      100       60      100       1
                bssBANK0                             BA       BA       42       60       1
                cinit                              3EF6     3EF6       22      826       0

TOTAL           Name                               Link     Load   Length     Space
        CLASS   STACK          

        CLASS   CODE           
                init                                  0        0        4         0
                text57                             3F80     3F80        C         0
                text56                             3B9A     3B9A       54         0
                text55                             3F52     3F52       12         0
                text54                             3F9E     3F9E        8         0
                text53                             3F96     3F96        8         0
                text52                             3F8C     3F8C        A         0
                text51                             3F18     3F18       22         0
                text50                             3CDC     3CDC       48         0
                text49                             3F72     3F72        E         0
                text48                             36DA     36DA       82         0
                text47                             39EA     39EA       5A         0
                text46                             3F64     3F64        E         0
                text45                             375C     375C       7C         0
                text44                             3C40     3C40       50         0
                text43                             3A44     3A44       58         0
                text42                             37D8     37D8       76         0
                text41                             38BE     38BE       6C         0
                text40                             3F3A     3F3A       18         0
                text39                             2FE0     2FE0       D0         0
                text38                             3DE0     3DE0       38         0
                text37                             1D6C     1D6C      352         0
                text36                             2C78     2C78      140         0
                text35                             2EDE     2EDE      102         0
                text34                             26FA     26FA      288         0
                text33                             3236     3236       B6         0
                text32                             2DB8     2DB8      126         0
                text31                             317C     317C       BA         0
                text30                             3658     3658       82         0
                text29                             35D6     35D6       82         0
                text28                             3ED0     3ED0       26         0
                text27                             3E48     3E48       30         0
                text26                             3D6A     3D6A       3E         0
                text25                             2B38     2B38      140         0
                text24                             3552     3552       84         0
                text23                             384E     384E       70         0
                text22                             34C8     34C8       8A         0
                text21                             3E78     3E78       2E         0
                text20                             23EE     23EE      30C         0
                text19                             3D24     3D24       46         0
                text18                             30B0     30B0       CC         0
                text17                             2982     2982      1B6         0
                text16                             3FA6     3FA6        2         0
                text15                             338E     338E       A0         0
                text14                             3DA8     3DA8       38         0
                text13                             3EA6     3EA6       2A         0
                text12                             342E     342E       9A         0
                text11                             3B46     3B46       54         0
                text10                             3E18     3E18       30         0
                text9                              3C90     3C90       4C         0
                text8                              104C     104C      97C         0
                text7                              32EC     32EC       A2         0
                text6                              19C8     19C8      3A4         0
                text5                              3A9C     3A9C       56         0
                text4                              3BEE     3BEE       52         0
                text3                              398A     398A       60         0
                text2                              392A     392A       60         0
                text1                              3AF2     3AF2       54         0
                text0                              20BE     20BE      330         0
                cinit                              3EF6     3EF6       22         0

        CLASS   CONST          

        CLASS   SMALLCONST     
                smallconst                         1000     1000       4C         0

        CLASS   MEDIUMCONST    

        CLASS   COMRAM         
                cstackCOMRAM                          1        1       5E         1

        CLASS   ABS1           

        CLASS   BIGRAM         

        CLASS   RAM            

        CLASS   BANK0          
                cstackBANK0                          60       60       5A         1
                bssBANK0                             BA       BA       42         1

        CLASS   BANK1          
                bssBANK1                            100      100       60         1

        CLASS   BANK2          

        CLASS   BANK3          

        CLASS   BANK4          

        CLASS   BANK5          

        CLASS   BANK6          

        CLASS   BANK7          

        CLASS   BANK8          

        CLASS   BANK9          

        CLASS   BANK10         

        CLASS   BANK11         

        CLASS   BANK12         

        CLASS   BANK13         

        CLASS   BANK14         

        CLASS   BANK15         

        CLASS   SFR            

        CLASS   FARRAM         

        CLASS   CONFIG         
                config                           300000   300000        E         0

        CLASS   IDLOC          
                idloc                            200000   200000        8         0

        CLASS   EEDATA         



SEGMENTS        Name                           Load    Length   Top    Selector   Space  Class

                reset_vec                      000000  000004  000004         0       0  CODE    
                cstackCOMRAM                   000001  00005E  00005F         1       1  COMRAM  
                cstackBANK0                    000060  00009C  0000FC        60       1  BANK0   
                bssBANK1                       000100  000060  000160       100       1  BANK1   
                smallconst                     001000  00004C  00104C       800       0  SMALLCON
                text8                          00104C  002F5C  003FA8       826       0  CODE    
                idloc                          200000  000008  200008    200000       0  IDLOC   
                config                         300000  00000E  30000E    300000       0  CONFIG  


UNUSED ADDRESS RANGES

        Name                Unused          Largest block    Delta
        BANK0            0000FC-0000FF                4
        BANK1            000160-0001FF               A0
        BANK10           000A00-000AFF              100
        BANK11           000B00-000BFF              100
        BANK12           000C00-000CFF              100
        BANK13           000D00-000DFF              100
        BANK14           000E00-000EFF              100
        BANK15           000F00-000F37               38
        BANK2            000200-0002FF              100
        BANK3            000300-0003FF              100
        BANK4            000400-0004FF              100
        BANK5            000500-0005FF              100
        BANK6            000600-0006FF              100
        BANK7            000700-0007FF              100
        BANK8            000800-0008FF              100
        BANK9            000900-0009FF              100
        BIGRAM           00005F-00005F                1
                         0000FC-0000FF                4
                         000160-000F37              DD8
        CODE             000004-000FFF              FFC
                         003FA8-00FFFF             C058
        COMRAM           00005F-00005F                1
        CONST            000004-000FFF              FFC
                         003FA8-00FFFF             C058
        EEDATA           F00000-F003FF              400
        MEDIUMCONST      003FA8-00FFFF             C058
        RAM              0000FC-0000FF                4
                         000160-000F37              100
        SFR              000F38-000FFF               28
        SMALLCONST       003FA8-00FFFF              100
        STACK            000160-000F37              DD8

                                  Symbol Table

?___awdiv                   cstackCOMRAM 000001
?___awmod                   cstackCOMRAM 000001
?___fladd                   cstackCOMRAM 000001
?___fldiv                   cstackCOMRAM 000001
?___flmul                   cstackCOMRAM 00000F
?___flneg                   cstackCOMRAM 000001
?___flsub                   cstackCOMRAM 000028
?___fltol                   cstackCOMRAM 000028
?___fpclassifyf             cstackCOMRAM 000001
?___lldiv                   cstackCOMRAM 000001
?___wmul                    cstackCOMRAM 000001
?___xxtofl                  cstackCOMRAM 000001
?_atoi                      cstackCOMRAM 000008
?_efgtoa                    cstackCOMRAM 000034
?_floorf                    cstackCOMRAM 00001A
?_isdigit                   cstackCOMRAM 000001
?_isspace                   cstackCOMRAM 000001
?_isupper                   cstackCOMRAM 000001
?_pad                       cstackCOMRAM 000011
?_sprintf                   cstackBANK0  000098
?_strlen                    cstackCOMRAM 000001
?_strncmp                   cstackCOMRAM 000001
?_tolower                   cstackCOMRAM 000007
?_vfpfcnvrt                 cstackCOMRAM 000040
?_vfprintf                  cstackCOMRAM 000056
I2C_Master_Init@c           cstackCOMRAM 00000E
I2C_Write_Display@d         cstackCOMRAM 000002
Lcd_Cmd@a                   cstackCOMRAM 00000A
Lcd_Cmd@buff                cstackCOMRAM 000008
Lcd_Port@data               cstackCOMRAM 000004
Lcd_Set_Cursor@a            cstackCOMRAM 00000C
Lcd_Set_Cursor@b            cstackCOMRAM 00000B
Lcd_Set_Cursor@temp         cstackCOMRAM 00000F
Lcd_Set_Cursor@y            cstackCOMRAM 00000E
Lcd_Set_Cursor@z            cstackCOMRAM 00000D
Lcd_Write_Char@a            cstackCOMRAM 000005
Lcd_Write_Char@temp         cstackCOMRAM 000007
Lcd_Write_Char@y            cstackCOMRAM 000006
Lcd_Write_String@a          cstackCOMRAM 000008
Lcd_Write_String@i          cstackCOMRAM 00000C
_ADCON0                     (abs)        000FC2
_ADCON0bits                 (abs)        000FC2
_ADCON1                     (abs)        000FC1
_ADCON2                     (abs)        000FC0
_ADCON2bits                 (abs)        000FC0
_ADRESH                     (abs)        000FC4
_ANSELA                     (abs)        000F38
_ANSELB                     (abs)        000F39
_ANSELC                     (abs)        000F3A
_ANSELD                     (abs)        000F3B
_ANSELE                     (abs)        000F3C
_CCP1CON                    (abs)        000FBD
_CCP2CON                    (abs)        000F66
_CCPR1L                     (abs)        000FBE
_CCPR2L                     (abs)        000F67
_CCPTMRS0                   (abs)        000F49
_Cursor_Off                 text49       003F72
_I2C_Master_Init            text47       0039EA
_I2C_Master_Start           text54       003F9E
_I2C_Master_Stop            text53       003F96
_I2C_Master_Wait            text55       003F52
_I2C_Write_Display          text52       003F8C
_INTCONbits                 (abs)        000FF2
_Iout                       bssBANK0     0000D6
_LATA                       (abs)        000F89
_LATB                       (abs)        000F8A
_LATC                       (abs)        000F8B
_LATD                       (abs)        000F8C
_LATE                       (abs)        000F8D
_Lcd_Clear                  text46       003F64
_Lcd_Cmd                    text50       003CDC
_Lcd_Init                   text45       00375C
_Lcd_Port                   text51       003F18
_Lcd_Set_Cursor             text44       003C40
_Lcd_Write_Char             text43       003A44
_Lcd_Write_String           text42       0037D8
_OSCCON                     (abs)        000FD3
_OSCTUNEbits                (abs)        000F9B
_PIE1bits                   (abs)        000F9D
_PORTA                      (abs)        000F80
_PORTB                      (abs)        000F81
_PORTC                      (abs)        000F82
_PORTD                      (abs)        000F83
_PORTE                      (abs)        000F84
_PR2                        (abs)        000FBB
_Power                      bssBANK0     0000C2
_SSP1ADD                    (abs)        000FC8
_SSP1BUF                    (abs)        000FC9
_SSP1CON1                   (abs)        000FC6
_SSP1CON2                   (abs)        000FC5
_SSP1CON2bits               (abs)        000FC5
_SSP1STAT                   (abs)        000FC7
_SSPBUF                     (abs)        000FC9
_T2CON                      (abs)        000FBA
_TRISA                      (abs)        000F92
_TRISB                      (abs)        000F93
_TRISC                      (abs)        000F94
_TRISCbits                  (abs)        000F94
_TRISD                      (abs)        000F95
_TRISE                      (abs)        000F96
_Uin                        bssBANK0     0000DE
_Uout                       bssBANK0     0000DA
__CFG_BOREN$OFF             (abs)        000000
__CFG_BORV$190              (abs)        000000
__CFG_CCP2MX$PORTC1         (abs)        000000
__CFG_CCP3MX$PORTB5         (abs)        000000
__CFG_CP0$OFF               (abs)        000000
__CFG_CP1$OFF               (abs)        000000
__CFG_CP2$OFF               (abs)        000000
__CFG_CP3$OFF               (abs)        000000
__CFG_CPB$OFF               (abs)        000000
__CFG_CPD$OFF               (abs)        000000
__CFG_EBTR0$OFF             (abs)        000000
__CFG_EBTR1$OFF             (abs)        000000
__CFG_EBTR2$OFF             (abs)        000000
__CFG_EBTR3$OFF             (abs)        000000
__CFG_EBTRB$OFF             (abs)        000000
__CFG_FCMEN$OFF             (abs)        000000
__CFG_FOSC$INTIO67          (abs)        000000
__CFG_HFOFST$ON             (abs)        000000
__CFG_IESO$OFF              (abs)        000000
__CFG_LVP$OFF               (abs)        000000
__CFG_MCLRE$EXTMCLR         (abs)        000000
__CFG_P2BMX$PORTD2          (abs)        000000
__CFG_PBADEN$ON             (abs)        000000
__CFG_PLLCFG$ON             (abs)        000000
__CFG_PRICLKEN$OFF          (abs)        000000
__CFG_PWRTEN$OFF            (abs)        000000
__CFG_STVREN$OFF            (abs)        000000
__CFG_T3CMX$PORTC0          (abs)        000000
__CFG_WDTEN$OFF             (abs)        000000
__CFG_WDTPS$32768           (abs)        000000
__CFG_WRT0$OFF              (abs)        000000
__CFG_WRT1$OFF              (abs)        000000
__CFG_WRT2$OFF              (abs)        000000
__CFG_WRT3$OFF              (abs)        000000
__CFG_WRTB$OFF              (abs)        000000
__CFG_WRTC$OFF              (abs)        000000
__CFG_WRTD$OFF              (abs)        000000
__CFG_XINST$OFF             (abs)        000000
__HRAM                      (abs)        000000
__Habs1                     abs1         000000
__Hbank0                    bank0        000000
__Hbank1                    bank1        000000
__Hbank10                   bank10       000000
__Hbank11                   bank11       000000
__Hbank12                   bank12       000000
__Hbank13                   bank13       000000
__Hbank14                   bank14       000000
__Hbank15                   bank15       000000
__Hbank2                    bank2        000000
__Hbank3                    bank3        000000
__Hbank4                    bank4        000000
__Hbank5                    bank5        000000
__Hbank6                    bank6        000000
__Hbank7                    bank7        000000
__Hbank8                    bank8        000000
__Hbank9                    bank9        000000
__Hbigbss                   bigbss       000000
__Hbigdata                  bigdata      000000
__Hbigram                   bigram       000000
__Hbss                      bss          000000
__HbssBANK0                 bssBANK0     000000
__HbssBANK1                 bssBANK1     000000
__Hcinit                    cinit        000000
__Hclrtext                  clrtext      000000
__Hcomram                   comram       000000
__Hconfig                   config       30000E
__Hconst                    const        000000
__HcstackBANK0              cstackBANK0  000000
__HcstackCOMRAM             cstackCOMRAM 000000
__Hdata                     data         000000
__Heeprom_data              eeprom_data  000000
__Hfarbss                   farbss       000000
__Hfardata                  fardata      000000
__Hibigdata                 ibigdata     000000
__Hidata                    idata        000000
__Hidloc                    idloc        200008
__Hifardata                 ifardata     000000
__Hinit                     init         000004
__Hintcode                  intcode      000000
__Hintcode_body             intcode_body 000000
__Hintcodelo                intcodelo    000000
__Hintentry                 intentry     000000
__Hintret                   intret       000000
__Hintsave_regs             intsave_regs 000000
__Hirdata                   irdata       000000
__Hmediumconst              mediumconst  000000
__HnvFARRAM                 nvFARRAM     000000
__Hnvbit                    nvbit        000000
__Hnvrram                   nvrram       000000
__Hparam                    rparam       000000
__Hpowerup                  powerup      000000
__Hram                      ram          000000
__Hramtop                   ramtop       001000
__Hrbit                     rbit         000000
__Hrbss                     rbss         000000
__Hrdata                    rdata        000000
__Hreset_vec                reset_vec    000000
__Hrparam                   rparam       000000
__Hsfr                      sfr          000000
__Hsmallconst               smallconst   00104C
__Hspace_0                  (abs)        30000E
__Hspace_1                  (abs)        000160
__Hspace_2                  (abs)        000000
__Hstack                    stack        000000
__Hstruct                   struct       000000
__Htemp                     temp         000000
__Htext                     text         000000
__Htext0                    text0        000000
__Htext1                    text1        000000
__Htext10                   text10       000000
__Htext11                   text11       000000
__Htext12                   text12       000000
__Htext13                   text13       000000
__Htext14                   text14       000000
__Htext15                   text15       000000
__Htext16                   text16       000000
__Htext17                   text17       000000
__Htext18                   text18       000000
__Htext19                   text19       000000
__Htext2                    text2        000000
__Htext20                   text20       000000
__Htext21                   text21       000000
__Htext22                   text22       000000
__Htext23                   text23       000000
__Htext24                   text24       000000
__Htext25                   text25       000000
__Htext26                   text26       000000
__Htext27                   text27       000000
__Htext28                   text28       000000
__Htext29                   text29       000000
__Htext3                    text3        000000
__Htext30                   text30       000000
__Htext31                   text31       000000
__Htext32                   text32       000000
__Htext33                   text33       000000
__Htext34                   text34       000000
__Htext35                   text35       000000
__Htext36                   text36       000000
__Htext37                   text37       000000
__Htext38                   text38       000000
__Htext39                   text39       000000
__Htext4                    text4        000000
__Htext40                   text40       000000
__Htext41                   text41       000000
__Htext42                   text42       000000
__Htext43                   text43       000000
__Htext44                   text44       000000
__Htext45                   text45       000000
__Htext46                   text46       000000
__Htext47                   text47       000000
__Htext48                   text48       000000
__Htext49                   text49       000000
__Htext5                    text5        000000
__Htext50                   text50       000000
__Htext51                   text51       000000
__Htext52                   text52       000000
__Htext53                   text53       000000
__Htext54                   text54       000000
__Htext55                   text55       000000
__Htext56                   text56       000000
__Htext57                   text57       000000
__Htext6                    text6        000000
__Htext7                    text7        000000
__Htext8                    text8        000000
__Htext9                    text9        000000
__LRAM                      (abs)        000001
__Labs1                     abs1         000000
__Lbank0                    bank0        000000
__Lbank1                    bank1        000000
__Lbank10                   bank10       000000
__Lbank11                   bank11       000000
__Lbank12                   bank12       000000
__Lbank13                   bank13       000000
__Lbank14                   bank14       000000
__Lbank15                   bank15       000000
__Lbank2                    bank2        000000
__Lbank3                    bank3        000000
__Lbank4                    bank4        000000
__Lbank5                    bank5        000000
__Lbank6                    bank6        000000
__Lbank7                    bank7        000000
__Lbank8                    bank8        000000
__Lbank9                    bank9        000000
__Lbigbss                   bigbss       000000
__Lbigdata                  bigdata      000000
__Lbigram                   bigram       000000
__Lbss                      bss          000000
__LbssBANK0                 bssBANK0     000000
__LbssBANK1                 bssBANK1     000000
__Lcinit                    cinit        000000
__Lclrtext                  clrtext      000000
__Lcomram                   comram       000000
__Lconfig                   config       300000
__Lconst                    const        000000
__LcstackBANK0              cstackBANK0  000000
__LcstackCOMRAM             cstackCOMRAM 000000
__Ldata                     data         000000
__Leeprom_data              eeprom_data  000000
__Lfarbss                   farbss       000000
__Lfardata                  fardata      000000
__Libigdata                 ibigdata     000000
__Lidata                    idata        000000
__Lidloc                    idloc        200000
__Lifardata                 ifardata     000000
__Linit                     init         000000
__Lintcode                  intcode      000000
__Lintcode_body             intcode_body 000000
__Lintcodelo                intcodelo    000000
__Lintentry                 intentry     000000
__Lintret                   intret       000000
__Lintsave_regs             intsave_regs 000000
__Lirdata                   irdata       000000
__Lmediumconst              mediumconst  000000
__LnvFARRAM                 nvFARRAM     000000
__Lnvbit                    nvbit        000000
__Lnvrram                   nvrram       000000
__Lparam                    rparam       000000
__Lpowerup                  powerup      000000
__Lram                      ram          000000
__Lramtop                   ramtop       001000
__Lrbit                     rbit         000000
__Lrbss                     rbss         000000
__Lrdata                    rdata        000000
__Lreset_vec                reset_vec    000000
__Lrparam                   rparam       000000
__Lsfr                      sfr          000000
__Lsmallconst               smallconst   001000
__Lspace_0                  (abs)        000000
__Lspace_1                  (abs)        000000
__Lspace_2                  (abs)        000000
__Lstack                    stack        000000
__Lstruct                   struct       000000
__Ltemp                     temp         000000
__Ltext                     text         000000
__Ltext0                    text0        000000
__Ltext1                    text1        000000
__Ltext10                   text10       000000
__Ltext11                   text11       000000
__Ltext12                   text12       000000
__Ltext13                   text13       000000
__Ltext14                   text14       000000
__Ltext15                   text15       000000
__Ltext16                   text16       000000
__Ltext17                   text17       000000
__Ltext18                   text18       000000
__Ltext19                   text19       000000
__Ltext2                    text2        000000
__Ltext20                   text20       000000
__Ltext21                   text21       000000
__Ltext22                   text22       000000
__Ltext23                   text23       000000
__Ltext24                   text24       000000
__Ltext25                   text25       000000
__Ltext26                   text26       000000
__Ltext27                   text27       000000
__Ltext28                   text28       000000
__Ltext29                   text29       000000
__Ltext3                    text3        000000
__Ltext30                   text30       000000
__Ltext31                   text31       000000
__Ltext32                   text32       000000
__Ltext33                   text33       000000
__Ltext34                   text34       000000
__Ltext35                   text35       000000
__Ltext36                   text36       000000
__Ltext37                   text37       000000
__Ltext38                   text38       000000
__Ltext39                   text39       000000
__Ltext4                    text4        000000
__Ltext40                   text40       000000
__Ltext41                   text41       000000
__Ltext42                   text42       000000
__Ltext43                   text43       000000
__Ltext44                   text44       000000
__Ltext45                   text45       000000
__Ltext46                   text46       000000
__Ltext47                   text47       000000
__Ltext48                   text48       000000
__Ltext49                   text49       000000
__Ltext5                    text5        000000
__Ltext50                   text50       000000
__Ltext51                   text51       000000
__Ltext52                   text52       000000
__Ltext53                   text53       000000
__Ltext54                   text54       000000
__Ltext55                   text55       000000
__Ltext56                   text56       000000
__Ltext57                   text57       000000
__Ltext6                    text6        000000
__Ltext7                    text7        000000
__Ltext8                    text8        000000
__Ltext9                    text9        000000
__S0                        (abs)        30000E
__S1                        (abs)        000160
__S2                        (abs)        000000
___awdiv                    text24       003552
___awdiv@counter            cstackCOMRAM 000005
___awdiv@dividend           cstackCOMRAM 000001
___awdiv@divisor            cstackCOMRAM 000003
___awdiv@quotient           cstackCOMRAM 000007
___awdiv@sign               cstackCOMRAM 000006
___awmod                    text23       00384E
___awmod@counter            cstackCOMRAM 000005
___awmod@dividend           cstackCOMRAM 000001
___awmod@divisor            cstackCOMRAM 000003
___awmod@sign               cstackCOMRAM 000006
___fladd                    text20       0023EE
___fladd@a                  cstackCOMRAM 000005
___fladd@aexp               cstackCOMRAM 00000E
___fladd@b                  cstackCOMRAM 000001
___fladd@bexp               cstackCOMRAM 00000F
___fladd@grs                cstackCOMRAM 000010
___fladd@signs              cstackCOMRAM 00000D
___fldiv                    text34       0026FA
___fldiv@a                  cstackCOMRAM 000005
___fldiv@aexp               cstackCOMRAM 000019
___fldiv@b                  cstackCOMRAM 000001
___fldiv@bexp               cstackCOMRAM 000018
___fldiv@grs                cstackCOMRAM 000014
___fldiv@new_exp            cstackCOMRAM 000012
___fldiv@rem                cstackCOMRAM 00000D
___fldiv@sign               cstackCOMRAM 000011
___fleq                     text22       0034C8
___fleq@ff1                 cstackCOMRAM 000001
___fleq@ff2                 cstackCOMRAM 000005
___flge                     text39       002FE0
___flge@ff1                 cstackCOMRAM 000028
___flge@ff2                 cstackCOMRAM 00002C
___flmul                    text37       001D6C
___flmul@a                  cstackCOMRAM 000013
___flmul@aexp               cstackCOMRAM 000020
___flmul@b                  cstackCOMRAM 00000F
___flmul@bexp               cstackCOMRAM 000021
___flmul@grs                cstackCOMRAM 00001C
___flmul@prod               cstackCOMRAM 000022
___flmul@sign               cstackCOMRAM 00001B
___flmul@temp               cstackCOMRAM 000026
___flneg                    text21       003E78
___flneg@f1                 cstackCOMRAM 000001
___flsub                    text19       003D24
___flsub@a                  cstackCOMRAM 00002C
___flsub@b                  cstackCOMRAM 000028
___fltol                    text31       00317C
___fltol@exp1               cstackCOMRAM 000031
___fltol@f1                 cstackCOMRAM 000028
___fltol@sign1              cstackCOMRAM 000030
___fpclassifyf              text18       0030B0
___fpclassifyf@F463         bssBANK0     0000BE
___fpclassifyf@e            cstackCOMRAM 000009
___fpclassifyf@u            cstackCOMRAM 00000B
___fpclassifyf@x            cstackCOMRAM 000001
___inthi_sp                 stack        000000
___intlo_sp                 stack        000000
___lldiv                    text48       0036DA
___lldiv@counter            cstackCOMRAM 00000D
___lldiv@dividend           cstackCOMRAM 000001
___lldiv@divisor            cstackCOMRAM 000005
___lldiv@quotient           cstackCOMRAM 000009
___param_bank               (abs)        000000
___rparam_used              (abs)        000001
___sp                       stack        000000
___wmul                     text28       003ED0
___wmul@multiplicand        cstackCOMRAM 000003
___wmul@multiplier          cstackCOMRAM 000001
___wmul@product             cstackCOMRAM 000005
___xxtofl                   text36       002C78
___xxtofl@arg               cstackCOMRAM 00000B
___xxtofl@exp               cstackCOMRAM 00000A
___xxtofl@sign              cstackCOMRAM 000009
___xxtofl@val               cstackCOMRAM 000001
__accesstop                 (abs)        000060
__activetblptr              (abs)        000002
__end_of_Cursor_Off         text49       003F80
__end_of_I2C_Master_Init    text47       003A44
__end_of_I2C_Master_Start   text54       003FA6
__end_of_I2C_Master_Stop    text53       003F9E
__end_of_I2C_Master_Wait    text55       003F64
__end_of_I2C_Write_Display  text52       003F96
__end_of_Lcd_Clear          text46       003F72
__end_of_Lcd_Cmd            text50       003D24
__end_of_Lcd_Init           text45       0037D8
__end_of_Lcd_Port           text51       003F3A
__end_of_Lcd_Set_Cursor     text44       003C90
__end_of_Lcd_Write_Char     text43       003A9C
__end_of_Lcd_Write_String   text42       00384E
__end_of___awdiv            text24       0035D6
__end_of___awmod            text23       0038BE
__end_of___fladd            text20       0026FA
__end_of___fldiv            text34       002982
__end_of___fleq             text22       003552
__end_of___flge             text39       0030B0
__end_of___flmul            text37       0020BE
__end_of___flneg            text21       003EA6
__end_of___flsub            text19       003D6A
__end_of___fltol            text31       003236
__end_of___fpclassifyf      text18       00317C
__end_of___lldiv            text48       00375C
__end_of___wmul             text28       003EF6
__end_of___xxtofl           text36       002DB8
__end_of__initialization    cinit        003F0E
__end_of_adc_config         text57       003F8C
__end_of_atoi               text25       002C78
__end_of_config             text56       003BEE
__end_of_efgtoa             text8        0019C8
__end_of_floorf             text17       002B38
__end_of_fputc              text15       00342E
__end_of_fputs              text14       003DE0
__end_of_init_io_display    text41       00392A
__end_of_isdigit            text27       003E78
__end_of_isspace            text26       003DA8
__end_of_isupper            text10       003E48
__end_of_main               text0        0023EE
__end_of_pad                text12       0034C8
__end_of_putch              text16       003FA8
__end_of_pwm_config         text40       003F52
__end_of_pwm_init           text38       003E18
__end_of_read_Iout          text35       002FE0
__end_of_read_Uin           text33       0032EC
__end_of_read_Uout          text32       002EDE
__end_of_set_boost          text30       0036DA
__end_of_set_buck           text29       003658
__end_of_sprintf            text4        003C40
__end_of_strcpy             text11       003B9A
__end_of_strlen             text13       003ED0
__end_of_strncmp            text7        00338E
__end_of_tolower            text9        003CDC
__end_of_vfpfcnvrt          text6        001D6C
__end_of_vfprintf           text5        003AF2
__end_of_write_Iout         text3        0039EA
__end_of_write_Uin          text2        00398A
__end_of_write_Uout         text1        003B46
__initialization            cinit        003EF6
__mediumconst               mediumconst  000000
__pbssBANK0                 bssBANK0     0000BA
__pbssBANK1                 bssBANK1     000100
__pcinit                    cinit        003EF6
__pcstackBANK0              cstackBANK0  000060
__pcstackCOMRAM             cstackCOMRAM 000001
__psmallconst               smallconst   001000
__ptext0                    text0        0020BE
__ptext1                    text1        003AF2
__ptext10                   text10       003E18
__ptext11                   text11       003B46
__ptext12                   text12       00342E
__ptext13                   text13       003EA6
__ptext14                   text14       003DA8
__ptext15                   text15       00338E
__ptext16                   text16       003FA6
__ptext17                   text17       002982
__ptext18                   text18       0030B0
__ptext19                   text19       003D24
__ptext2                    text2        00392A
__ptext20                   text20       0023EE
__ptext21                   text21       003E78
__ptext22                   text22       0034C8
__ptext23                   text23       00384E
__ptext24                   text24       003552
__ptext25                   text25       002B38
__ptext26                   text26       003D6A
__ptext27                   text27       003E48
__ptext28                   text28       003ED0
__ptext29                   text29       0035D6
__ptext3                    text3        00398A
__ptext30                   text30       003658
__ptext31                   text31       00317C
__ptext32                   text32       002DB8
__ptext33                   text33       003236
__ptext34                   text34       0026FA
__ptext35                   text35       002EDE
__ptext36                   text36       002C78
__ptext37                   text37       001D6C
__ptext38                   text38       003DE0
__ptext39                   text39       002FE0
__ptext4                    text4        003BEE
__ptext40                   text40       003F3A
__ptext41                   text41       0038BE
__ptext42                   text42       0037D8
__ptext43                   text43       003A44
__ptext44                   text44       003C40
__ptext45                   text45       00375C
__ptext46                   text46       003F64
__ptext47                   text47       0039EA
__ptext48                   text48       0036DA
__ptext49                   text49       003F72
__ptext5                    text5        003A9C
__ptext50                   text50       003CDC
__ptext51                   text51       003F18
__ptext52                   text52       003F8C
__ptext53                   text53       003F96
__ptext54                   text54       003F9E
__ptext55                   text55       003F52
__ptext56                   text56       003B9A
__ptext57                   text57       003F80
__ptext6                    text6        0019C8
__ptext7                    text7        0032EC
__ptext8                    text8        00104C
__ptext9                    text9        003C90
__ramtop                    ramtop       001000
__size_of_Cursor_Off        (abs)        000000
__size_of_I2C_Master_Init   (abs)        000000
__size_of_I2C_Master_Start  (abs)        000000
__size_of_I2C_Master_Stop   (abs)        000000
__size_of_I2C_Master_Wait   (abs)        000000
__size_of_I2C_Write_Display (abs)        000000
__size_of_Lcd_Clear         (abs)        000000
__size_of_Lcd_Cmd           (abs)        000000
__size_of_Lcd_Init          (abs)        000000
__size_of_Lcd_Port          (abs)        000000
__size_of_Lcd_Set_Cursor    (abs)        000000
__size_of_Lcd_Write_Char    (abs)        000000
__size_of_Lcd_Write_String  (abs)        000000
__size_of___awdiv           (abs)        000000
__size_of___awmod           (abs)        000000
__size_of___fladd           (abs)        000000
__size_of___fldiv           (abs)        000000
__size_of___fleq            (abs)        000000
__size_of___flge            (abs)        000000
__size_of___flmul           (abs)        000000
__size_of___flneg           (abs)        000000
__size_of___flsub           (abs)        000000
__size_of___fltol           (abs)        000000
__size_of___fpclassifyf     (abs)        000000
__size_of___lldiv           (abs)        000000
__size_of___wmul            (abs)        000000
__size_of___xxtofl          (abs)        000000
__size_of_adc_config        (abs)        000000
__size_of_atoi              (abs)        000000
__size_of_config            (abs)        000000
__size_of_efgtoa            (abs)        000000
__size_of_floorf            (abs)        000000
__size_of_fputc             (abs)        000000
__size_of_fputs             (abs)        000000
__size_of_init_io_display   (abs)        000000
__size_of_isdigit           (abs)        000000
__size_of_isspace           (abs)        000000
__size_of_isupper           (abs)        000000
__size_of_main              (abs)        000000
__size_of_pad               (abs)        000000
__size_of_putch             (abs)        000000
__size_of_pwm_config        (abs)        000000
__size_of_pwm_init          (abs)        000000
__size_of_read_Iout         (abs)        000000
__size_of_read_Uin          (abs)        000000
__size_of_read_Uout         (abs)        000000
__size_of_set_boost         (abs)        000000
__size_of_set_buck          (abs)        000000
__size_of_sprintf           (abs)        000000
__size_of_strcpy            (abs)        000000
__size_of_strlen            (abs)        000000
__size_of_strncmp           (abs)        000000
__size_of_tolower           (abs)        000000
__size_of_vfpfcnvrt         (abs)        000000
__size_of_vfprintf          (abs)        000000
__size_of_write_Iout        (abs)        000000
__size_of_write_Uin         (abs)        000000
__size_of_write_Uout        (abs)        000000
__smallconst                smallconst   001000
_adc_config                 text57       003F80
_atoi                       text25       002B38
_atoi$1276                  cstackCOMRAM 000010
_atoi$1277                  cstackCOMRAM 000014
_atoi$1278                  cstackCOMRAM 000012
_boost_pwm                  bssBANK0     0000EE
_buck_pwm                   bssBANK0     0000F0
_c                          bssBANK0     0000EA
_config                     text56       003B9A
_data                       bssBANK0     0000F2
_dbuf                       bssBANK1     000100
_dty                        bssBANK0     0000EC
_efgtoa                     text8        00104C
_efgtoa$775                 cstackBANK0  000064
_efgtoa$776                 cstackBANK0  000066
_efgtoa$781                 cstackBANK0  000068
_efgtoa$785                 cstackBANK0  00006A
_efgtoa$786                 cstackBANK0  00006C
_efgtoa$787                 cstackBANK0  00006E
_flags                      bssBANK0     0000E8
_floorf                     text17       002982
_fputc                      text15       00338E
_fputs                      text14       003DA8
_init_io_display            text41       0038BE
_isdigit                    text27       003E48
_isspace                    text26       003D6A
_isspace$1307               cstackCOMRAM 000007
_isupper                    text10       003E18
_main                       text0        0020BE
_nout                       bssBANK0     0000E2
_pad                        text12       00342E
_prec                       bssBANK0     0000E6
_putch                      text16       003FA6
_pwm_config                 text40       003F3A
_pwm_init                   text38       003DE0
_read_Iout                  text35       002EDE
_read_Uin                   text33       003236
_read_Uout                  text32       002DB8
_rez_adc_A                  bssBANK0     0000D2
_rez_adc_U                  bssBANK0     0000CA
_set_boost                  text30       003658
_set_buck                   text29       0035D6
_sprintf                    text4        003BEE
_str_A                      bssBANK1     000158
_str_P                      bssBANK1     000150
_str_V                      bssBANK0     0000F4
_strcpy                     text11       003B46
_strlen                     text13       003EA6
_strncmp                    text7        0032EC
_tens                       bssBANK0     0000C6
_tens_A                     bssBANK0     0000CE
_tolower                    text9        003C90
_tolower$1392               cstackCOMRAM 00000D
_vfpfcnvrt                  text6        0019C8
_vfpfcnvrt$801              cstackCOMRAM 00004A
_vfpfcnvrt$805              cstackCOMRAM 00004C
_vfprintf                   text5        003A9C
_width                      bssBANK0     0000E4
_write_Iout                 text3        00398A
_write_Uin                  text2        00392A
_write_Uout                 text1        003AF2
atoi@n                      cstackCOMRAM 000015
atoi@neg                    cstackCOMRAM 00000E
atoi@s                      cstackCOMRAM 000008
efgtoa@c                    cstackCOMRAM 00003A
efgtoa@d                    cstackBANK0  000078
efgtoa@e                    cstackBANK0  000090
efgtoa@f                    cstackCOMRAM 000036
efgtoa@fp                   cstackCOMRAM 000034
efgtoa@g                    cstackBANK0  00008C
efgtoa@h                    cstackBANK0  000082
efgtoa@i                    cstackBANK0  00008A
efgtoa@l                    cstackBANK0  000086
efgtoa@m                    cstackBANK0  000074
efgtoa@mode                 cstackBANK0  000081
efgtoa@n                    cstackBANK0  000092
efgtoa@ne                   cstackBANK0  000076
efgtoa@nmode                cstackBANK0  00007E
efgtoa@ou                   cstackBANK0  000060
efgtoa@p                    cstackBANK0  00007C
efgtoa@pp                   cstackBANK0  000072
efgtoa@sign                 cstackBANK0  00007A
efgtoa@t                    cstackBANK0  000070
efgtoa@u                    cstackBANK0  000094
efgtoa@w                    cstackBANK0  00007F
end_of_initialization       cinit        003F0E
floorf@F524                 bssBANK0     0000BA
floorf@e                    cstackCOMRAM 000028
floorf@m                    cstackCOMRAM 000024
floorf@u                    cstackCOMRAM 00002A
floorf@x                    cstackCOMRAM 00001A
fputc@c                     cstackCOMRAM 000001
fputc@fp                    cstackCOMRAM 000003
fputs@c                     cstackCOMRAM 00000E
fputs@fp                    cstackCOMRAM 00000C
fputs@i                     cstackCOMRAM 00000F
fputs@s                     cstackCOMRAM 00000A
intlevel0                   text         000000
intlevel1                   text         000000
intlevel2                   text         000000
intlevel3                   text         000000
isdigit@c                   cstackCOMRAM 000001
isspace@c                   cstackCOMRAM 000001
isupper@c                   cstackCOMRAM 000001
main@Power                  cstackBANK0  0000B2
main@Power_new              cstackBANK0  0000B6
main@Uin                    cstackBANK0  0000AA
main@buck_pwm               cstackBANK0  0000AE
main@port                   cstackBANK0  0000B0
pad@buf                     cstackCOMRAM 000013
pad@fp                      cstackCOMRAM 000011
pad@i                       cstackCOMRAM 000018
pad@p                       cstackCOMRAM 000015
pad@w                       cstackCOMRAM 00001A
pwm_init@Uin                cstackCOMRAM 000034
set_boost@dty               cstackCOMRAM 000032
set_buck@dty                cstackCOMRAM 000032
sprintf@ap                  cstackBANK0  0000A2
sprintf@f                   cstackBANK0  0000A4
sprintf@fmt                 cstackBANK0  00009A
sprintf@s                   cstackBANK0  000098
stackhi                     (abs)        000F37
stacklo                     (abs)        000160
start                       init         000000
start_initialization        cinit        003EF6
strcpy@d                    cstackCOMRAM 000009
strcpy@dest                 cstackCOMRAM 000001
strcpy@s                    cstackCOMRAM 000007
strcpy@src                  cstackCOMRAM 000003
strlen@a                    cstackCOMRAM 000003
strlen@s                    cstackCOMRAM 000001
strncmp@_l                  cstackCOMRAM 000001
strncmp@_r                  cstackCOMRAM 000003
strncmp@l                   cstackCOMRAM 000008
strncmp@n                   cstackCOMRAM 000005
strncmp@r                   cstackCOMRAM 00000A
tolower@c                   cstackCOMRAM 000007
vfpfcnvrt@ap                cstackCOMRAM 000044
vfpfcnvrt@c                 cstackCOMRAM 000055
vfpfcnvrt@ct                cstackCOMRAM 000052
vfpfcnvrt@f                 cstackCOMRAM 00004E
vfpfcnvrt@fmt               cstackCOMRAM 000042
vfpfcnvrt@fp                cstackCOMRAM 000040
vfprintf@ap                 cstackCOMRAM 00005A
vfprintf@cfmt               cstackCOMRAM 00005C
vfprintf@fmt                cstackCOMRAM 000058
vfprintf@fp                 cstackCOMRAM 000056


FUNCTION INFORMATION:

 *************** function _main *****************
 Defined at:
		line 7 in file "main.c"
 Parameters:    Size  Location     Type
		None
 Auto vars:     Size  Location     Type
  Power_new       4   86[BANK0 ] float 
  Power           4   82[BANK0 ] float 
  Uin             4   74[BANK0 ] float 
  port            2   80[BANK0 ] int 
  buck_pwm        2   78[BANK0 ] int 
  g               2    0        int 
  f               2    0        int 
  boost_pwm       2    0        int 
  d               2    0        int 
  c               2    0        int 
 Return value:  Size  Location     Type
                  1    wreg      void 
 Registers used:
		wreg, fsr0l, fsr0h, fsr1l, fsr1h, fsr2l, fsr2h, status,2, status,0, tblptrl, tblptrh, tblptru, prodl, prodh, cstack
 Tracked objects:
		On entry : 
		On exit  : 
		Unchanged: 
 Data sizes:     COMRAM   BANK0   BANK1   BANK2   BANK3   BANK4   BANK5   BANK6   BANK7   BANK8   BANK9  BANK10  BANK11  BANK12  BANK13  BANK14  BANK15
      Params:         0       0       0       0       0       0       0       0       0       0       0       0       0       0       0       0       0
      Locals:         0      16       0       0       0       0       0       0       0       0       0       0       0       0       0       0       0
      Temps:          1       0       0       0       0       0       0       0       0       0       0       0       0       0       0       0       0
      Totals:         1      16       0       0       0       0       0       0       0       0       0       0       0       0       0       0       0
Total ram usage:       17 bytes
 Hardware stack levels required when called:    9
 This function calls:
		_Lcd_Clear
		___flge
		___flmul
		_adc_config
		_config
		_init_io_display
		_pwm_config
		_pwm_init
		_read_Iout
		_read_Uin
		_read_Uout
		_set_boost
		_set_buck
		_write_Iout
		_write_Uin
		_write_Uout
 This function is called by:
		Startup code after reset
 This function uses a non-reentrant model


 *************** function _write_Uout *****************
 Defined at:
		line 85 in file "mppt.c"
 Parameters:    Size  Location     Type
		None
 Auto vars:     Size  Location     Type
		None
 Return value:  Size  Location     Type
                  1    wreg      void 
 Registers used:
		wreg, fsr0l, fsr0h, fsr1l, fsr1h, fsr2l, fsr2h, status,2, status,0, tblptrl, tblptrh, tblptru, prodl, prodh, cstack
 Tracked objects:
		On entry : 
		On exit  : 
		Unchanged: 
 Data sizes:     COMRAM   BANK0   BANK1   BANK2   BANK3   BANK4   BANK5   BANK6   BANK7   BANK8   BANK9  BANK10  BANK11  BANK12  BANK13  BANK14  BANK15
      Params:         0       0       0       0       0       0       0       0       0       0       0       0       0       0       0       0       0
      Locals:         0       0       0       0       0       0       0       0       0       0       0       0       0       0       0       0       0
      Temps:          0       0       0       0       0       0       0       0       0       0       0       0       0       0       0       0       0
      Totals:         0       0       0       0       0       0       0       0       0       0       0       0       0       0       0       0       0
Total ram usage:        0 bytes
 Hardware stack levels used:    1
 Hardware stack levels required when called:    8
 This function calls:
		_Lcd_Set_Cursor
		_Lcd_Write_String
		_sprintf
 This function is called by:
		_main
 This function uses a non-reentrant model


 *************** function _write_Uin *****************
 Defined at:
		line 106 in file "mppt.c"
 Parameters:    Size  Location     Type
		None
 Auto vars:     Size  Location     Type
		None
 Return value:  Size  Location     Type
                  1    wreg      void 
 Registers used:
		wreg, fsr0l, fsr0h, fsr1l, fsr1h, fsr2l, fsr2h, status,2, status,0, tblptrl, tblptrh, tblptru, prodl, prodh, cstack
 Tracked objects:
		On entry : 
		On exit  : 
		Unchanged: 
 Data sizes:     COMRAM   BANK0   BANK1   BANK2   BANK3   BANK4   BANK5   BANK6   BANK7   BANK8   BANK9  BANK10  BANK11  BANK12  BANK13  BANK14  BANK15
      Params:         0       0       0       0       0       0       0       0       0       0       0       0       0       0       0       0       0
      Locals:         0       0       0       0       0       0       0       0       0       0       0       0       0       0       0       0       0
      Temps:          0       0       0       0       0       0       0       0       0       0       0       0       0       0       0       0       0
      Totals:         0       0       0       0       0       0       0       0       0       0       0       0       0       0       0       0       0
Total ram usage:        0 bytes
 Hardware stack levels used:    1
 Hardware stack levels required when called:    8
 This function calls:
		_Lcd_Set_Cursor
		_Lcd_Write_String
		_sprintf
 This function is called by:
		_main
 This function uses a non-reentrant model


 *************** function _write_Iout *****************
 Defined at:
		line 48 in file "mppt.c"
 Parameters:    Size  Location     Type
		None
 Auto vars:     Size  Location     Type
		None
 Return value:  Size  Location     Type
                  1    wreg      void 
 Registers used:
		wreg, fsr0l, fsr0h, fsr1l, fsr1h, fsr2l, fsr2h, status,2, status,0, tblptrl, tblptrh, tblptru, prodl, prodh, cstack
 Tracked objects:
		On entry : 
		On exit  : 
		Unchanged: 
 Data sizes:     COMRAM   BANK0   BANK1   BANK2   BANK3   BANK4   BANK5   BANK6   BANK7   BANK8   BANK9  BANK10  BANK11  BANK12  BANK13  BANK14  BANK15
      Params:         0       0       0       0       0       0       0       0       0       0       0       0       0       0       0       0       0
      Locals:         0       0       0       0       0       0       0       0       0       0       0       0       0       0       0       0       0
      Temps:          0       0       0       0       0       0       0       0       0       0       0       0       0       0       0       0       0
      Totals:         0       0       0       0       0       0       0       0       0       0       0       0       0       0       0       0       0
Total ram usage:        0 bytes
 Hardware stack levels used:    1
 Hardware stack levels required when called:    8
 This function calls:
		_Lcd_Set_Cursor
		_Lcd_Write_String
		_sprintf
 This function is called by:
		_main
 This function uses a non-reentrant model


 *************** function _sprintf *****************
 Defined at:
		line 9 in file "C:\Program Files (x86)\Microchip\xc8\v2.05\pic\sources\c99\common\nf_sprintf.c"
 Parameters:    Size  Location     Type
  s               2   56[BANK0 ] PTR unsigned char 
		 -> str_P(8), str_V(8), str_A(8), 
  fmt             2   58[BANK0 ] PTR const unsigned char 
		 -> STR_12(5), STR_10(5), STR_8(5), STR_4(5), 
 Auto vars:     Size  Location     Type
  f               6   68[BANK0 ] struct _IO_FILE
  ap              2   66[BANK0 ] PTR void [1]
		 -> ?_sprintf(2), 
  ret             2    0        int 
 Return value:  Size  Location     Type
                  2   56[BANK0 ] int 
 Registers used:
		wreg, fsr0l, fsr0h, fsr1l, fsr1h, fsr2l, fsr2h, status,2, status,0, tblptrl, tblptrh, tblptru, prodl, prodh, cstack
 Tracked objects:
		On entry : 
		On exit  : 
		Unchanged: 
 Data sizes:     COMRAM   BANK0   BANK1   BANK2   BANK3   BANK4   BANK5   BANK6   BANK7   BANK8   BANK9  BANK10  BANK11  BANK12  BANK13  BANK14  BANK15
      Params:         0       8       0       0       0       0       0       0       0       0       0       0       0       0       0       0       0
      Locals:         0      10       0       0       0       0       0       0       0       0       0       0       0       0       0       0       0
      Temps:          0       0       0       0       0       0       0       0       0       0       0       0       0       0       0       0       0
      Totals:         0      18       0       0       0       0       0       0       0       0       0       0       0       0       0       0       0
Total ram usage:       18 bytes
 Hardware stack levels used:    1
 Hardware stack levels required when called:    7
 This function calls:
		_vfprintf
 This function is called by:
		_write_Iout
		_write_Uout
		_write_Uin
		_write_Power
 This function uses a non-reentrant model


 *************** function _vfprintf *****************
 Defined at:
		line 1368 in file "C:\Program Files (x86)\Microchip\xc8\v2.05\pic\sources\c99\common\doprnt.c"
 Parameters:    Size  Location     Type
  fp              2   85[COMRAM] PTR struct _IO_FILE
		 -> sprintf@f(6), 
  fmt             2   87[COMRAM] PTR const unsigned char 
		 -> STR_12(5), STR_10(5), STR_8(5), STR_4(5), 
  ap              2   89[COMRAM] PTR PTR void 
		 -> sprintf@ap(2), 
 Auto vars:     Size  Location     Type
  cfmt            2   91[COMRAM] PTR unsigned char 
		 -> STR_12(5), STR_10(5), STR_8(5), STR_4(5), 
 Return value:  Size  Location     Type
                  2   85[COMRAM] int 
 Registers used:
		wreg, fsr0l, fsr0h, fsr1l, fsr1h, fsr2l, fsr2h, status,2, status,0, tblptrl, tblptrh, tblptru, prodl, prodh, cstack
 Tracked objects:
		On entry : 
		On exit  : 
		Unchanged: 
 Data sizes:     COMRAM   BANK0   BANK1   BANK2   BANK3   BANK4   BANK5   BANK6   BANK7   BANK8   BANK9  BANK10  BANK11  BANK12  BANK13  BANK14  BANK15
      Params:         6       0       0       0       0       0       0       0       0       0       0       0       0       0       0       0       0
      Locals:         2       0       0       0       0       0       0       0       0       0       0       0       0       0       0       0       0
      Temps:          0       0       0       0       0       0       0       0       0       0       0       0       0       0       0       0       0
      Totals:         8       0       0       0       0       0       0       0       0       0       0       0       0       0       0       0       0
Total ram usage:        8 bytes
 Hardware stack levels used:    1
 Hardware stack levels required when called:    6
 This function calls:
		_vfpfcnvrt
 This function is called by:
		_sprintf
 This function uses a non-reentrant model


 *************** function _vfpfcnvrt *****************
 Defined at:
		line 670 in file "C:\Program Files (x86)\Microchip\xc8\v2.05\pic\sources\c99\common\doprnt.c"
 Parameters:    Size  Location     Type
  fp              2   63[COMRAM] PTR struct _IO_FILE
		 -> sprintf@f(6), 
  fmt             2   65[COMRAM] PTR PTR unsigned char 
		 -> vfprintf@cfmt(2), 
  ap              2   67[COMRAM] PTR PTR void 
		 -> sprintf@ap(2), 
 Auto vars:     Size  Location     Type
  llu             8    0        unsigned long long 
  ll              8    0        long long 
  f               4   77[COMRAM] long long 
  ct              3   81[COMRAM] unsigned char [3]
  vp              3    0        PTR void 
  cp              3    0        PTR unsigned char 
  i               2    0        int 
  done            2    0        int 
  c               1   84[COMRAM] unsigned char 
 Return value:  Size  Location     Type
                  2   63[COMRAM] int 
 Registers used:
		wreg, fsr0l, fsr0h, fsr1l, fsr1h, fsr2l, fsr2h, status,2, status,0, tblptrl, tblptrh, tblptru, prodl, prodh, cstack
 Tracked objects:
		On entry : 
		On exit  : 
		Unchanged: 
 Data sizes:     COMRAM   BANK0   BANK1   BANK2   BANK3   BANK4   BANK5   BANK6   BANK7   BANK8   BANK9  BANK10  BANK11  BANK12  BANK13  BANK14  BANK15
      Params:         6       0       0       0       0       0       0       0       0       0       0       0       0       0       0       0       0
      Locals:        12       0       0       0       0       0       0       0       0       0       0       0       0       0       0       0       0
      Temps:          4       0       0       0       0       0       0       0       0       0       0       0       0       0       0       0       0
      Totals:        22       0       0       0       0       0       0       0       0       0       0       0       0       0       0       0       0
Total ram usage:       22 bytes
 Hardware stack levels used:    1
 Hardware stack levels required when called:    5
 This function calls:
		_atoi
		_efgtoa
		_fputc
		_isdigit
		_isupper
		_strncmp
		_tolower
 This function is called by:
		_vfprintf
 This function uses a non-reentrant model


 *************** function _strncmp *****************
 Defined at:
		line 3 in file "C:\Program Files (x86)\Microchip\xc8\v2.05\pic\sources\c99\common\strncmp.c"
 Parameters:    Size  Location     Type
  _l              2    0[COMRAM] PTR const unsigned char 
		 -> vfpfcnvrt@ct(3), 
  _r              2    2[COMRAM] PTR const unsigned char 
		 -> STR_24(3), 
  n               2    4[COMRAM] unsigned int 
 Auto vars:     Size  Location     Type
  r               2    9[COMRAM] PTR const unsigned char 
		 -> STR_24(3), 
  l               2    7[COMRAM] PTR const unsigned char 
		 -> vfpfcnvrt@ct(3), 
 Return value:  Size  Location     Type
                  2    0[COMRAM] int 
 Registers used:
		wreg, fsr2l, fsr2h, status,2, status,0, tblptrl, tblptrh, tblptru
 Tracked objects:
		On entry : 
		On exit  : 
		Unchanged: 
 Data sizes:     COMRAM   BANK0   BANK1   BANK2   BANK3   BANK4   BANK5   BANK6   BANK7   BANK8   BANK9  BANK10  BANK11  BANK12  BANK13  BANK14  BANK15
      Params:         6       0       0       0       0       0       0       0       0       0       0       0       0       0       0       0       0
      Locals:         4       0       0       0       0       0       0       0       0       0       0       0       0       0       0       0       0
      Temps:          1       0       0       0       0       0       0       0       0       0       0       0       0       0       0       0       0
      Totals:        11       0       0       0       0       0       0       0       0       0       0       0       0       0       0       0       0
Total ram usage:       11 bytes
 Hardware stack levels used:    1
 This function calls:
		Nothing
 This function is called by:
		_vfpfcnvrt
 This function uses a non-reentrant model


 *************** function _efgtoa *****************
 Defined at:
		line 319 in file "C:\Program Files (x86)\Microchip\xc8\v2.05\pic\sources\c99\common\doprnt.c"
 Parameters:    Size  Location     Type
  fp              2   51[COMRAM] PTR struct _IO_FILE
		 -> sprintf@f(6), 
  f               4   53[COMRAM] PTR struct _IO_FILE
  c               1   57[COMRAM] unsigned char 
 Auto vars:     Size  Location     Type
  u               4   52[BANK0 ] unsigned char 
  g               4   44[BANK0 ] unsigned char 
  l               4   38[BANK0 ] unsigned char 
  h               4   34[BANK0 ] unsigned char 
  ou              4    0[BANK0 ] unsigned char 
  n               2   50[BANK0 ] int 
  e               2   48[BANK0 ] int 
  i               2   42[BANK0 ] int 
  w               2   31[BANK0 ] int 
  p               2   28[BANK0 ] int 
  sign            2   26[BANK0 ] int 
  d               2   24[BANK0 ] int 
  ne              2   22[BANK0 ] int 
  m               2   20[BANK0 ] int 
  pp              2   18[BANK0 ] int 
  t               2   16[BANK0 ] int 
  mode            1   33[BANK0 ] unsigned char 
  nmode           1   30[BANK0 ] unsigned char 
 Return value:  Size  Location     Type
                  2   51[COMRAM] int 
 Registers used:
		wreg, fsr0l, fsr0h, fsr1l, fsr1h, fsr2l, fsr2h, status,2, status,0, tblptrl, tblptrh, tblptru, prodl, prodh, cstack
 Tracked objects:
		On entry : 
		On exit  : 
		Unchanged: 
 Data sizes:     COMRAM   BANK0   BANK1   BANK2   BANK3   BANK4   BANK5   BANK6   BANK7   BANK8   BANK9  BANK10  BANK11  BANK12  BANK13  BANK14  BANK15
      Params:         7       0       0       0       0       0       0       0       0       0       0       0       0       0       0       0       0
      Locals:         0      56       0       0       0       0       0       0       0       0       0       0       0       0       0       0       0
      Temps:          5       0       0       0       0       0       0       0       0       0       0       0       0       0       0       0       0
      Totals:        12      56       0       0       0       0       0       0       0       0       0       0       0       0       0       0       0
Total ram usage:       68 bytes
 Hardware stack levels used:    1
 Hardware stack levels required when called:    4
 This function calls:
		___awdiv
		___awmod
		___fladd
		___fldiv
		___fleq
		___flge
		___flmul
		___flneg
		___flsub
		___fltol
		___fpclassifyf
		_floorf
		_isupper
		_pad
		_strcpy
		_tolower
 This function is called by:
		_vfpfcnvrt
 This function uses a non-reentrant model


 *************** function _tolower *****************
 Defined at:
		line 4 in file "C:\Program Files (x86)\Microchip\xc8\v2.05\pic\sources\c99\common\tolower.c"
 Parameters:    Size  Location     Type
  c               2    6[COMRAM] int 
 Auto vars:     Size  Location     Type
		None
 Return value:  Size  Location     Type
                  2    6[COMRAM] int 
 Registers used:
		wreg, status,2, status,0
 Tracked objects:
		On entry : 
		On exit  : 
		Unchanged: 
 Data sizes:     COMRAM   BANK0   BANK1   BANK2   BANK3   BANK4   BANK5   BANK6   BANK7   BANK8   BANK9  BANK10  BANK11  BANK12  BANK13  BANK14  BANK15
      Params:         2       0       0       0       0       0       0       0       0       0       0       0       0       0       0       0       0
      Locals:         2       0       0       0       0       0       0       0       0       0       0       0       0       0       0       0       0
      Temps:          4       0       0       0       0       0       0       0       0       0       0       0       0       0       0       0       0
      Totals:         8       0       0       0       0       0       0       0       0       0       0       0       0       0       0       0       0
Total ram usage:        8 bytes
 Hardware stack levels used:    1
 Hardware stack levels required when called:    1
 This function calls:
		_isupper
 This function is called by:
		_efgtoa
		_vfpfcnvrt
 This function uses a non-reentrant model


 *************** function _isupper *****************
 Defined at:
		line 5 in file "C:\Program Files (x86)\Microchip\xc8\v2.05\pic\sources\c99\common\isupper.c"
 Parameters:    Size  Location     Type
  c               2    0[COMRAM] int 
 Auto vars:     Size  Location     Type
		None
 Return value:  Size  Location     Type
                  2    0[COMRAM] int 
 Registers used:
		wreg, status,2, status,0
 Tracked objects:
		On entry : 
		On exit  : 
		Unchanged: 
 Data sizes:     COMRAM   BANK0   BANK1   BANK2   BANK3   BANK4   BANK5   BANK6   BANK7   BANK8   BANK9  BANK10  BANK11  BANK12  BANK13  BANK14  BANK15
      Params:         2       0       0       0       0       0       0       0       0       0       0       0       0       0       0       0       0
      Locals:         0       0       0       0       0       0       0       0       0       0       0       0       0       0       0       0       0
      Temps:          4       0       0       0       0       0       0       0       0       0       0       0       0       0       0       0       0
      Totals:         6       0       0       0       0       0       0       0       0       0       0       0       0       0       0       0       0
Total ram usage:        6 bytes
 Hardware stack levels used:    1
 This function calls:
		Nothing
 This function is called by:
		_efgtoa
		_vfpfcnvrt
		_tolower
 This function uses a non-reentrant model


 *************** function _strcpy *****************
 Defined at:
		line 7 in file "C:\Program Files (x86)\Microchip\xc8\v2.05\pic\sources\c99\common\strcpy.c"
 Parameters:    Size  Location     Type
  dest            2    0[COMRAM] PTR unsigned char 
		 -> dbuf(80), 
  src             2    2[COMRAM] PTR const unsigned char 
		 -> STR_19(4), STR_18(4), STR_15(4), STR_14(4), 
		 -> dbuf(80), 
 Auto vars:     Size  Location     Type
  d               2    8[COMRAM] PTR unsigned char 
		 -> dbuf(80), 
  s               2    6[COMRAM] PTR const unsigned char 
		 -> STR_19(4), STR_18(4), STR_15(4), STR_14(4), 
		 -> dbuf(80), 
 Return value:  Size  Location     Type
                  2    0[COMRAM] PTR unsigned char 
 Registers used:
		wreg, fsr0l, fsr0h, fsr2l, fsr2h, status,2, status,0, tblptrl, tblptrh, tblptru
 Tracked objects:
		On entry : 
		On exit  : 
		Unchanged: 
 Data sizes:     COMRAM   BANK0   BANK1   BANK2   BANK3   BANK4   BANK5   BANK6   BANK7   BANK8   BANK9  BANK10  BANK11  BANK12  BANK13  BANK14  BANK15
      Params:         4       0       0       0       0       0       0       0       0       0       0       0       0       0       0       0       0
      Locals:         4       0       0       0       0       0       0       0       0       0       0       0       0       0       0       0       0
      Temps:          2       0       0       0       0       0       0       0       0       0       0       0       0       0       0       0       0
      Totals:        10       0       0       0       0       0       0       0       0       0       0       0       0       0       0       0       0
Total ram usage:       10 bytes
 Hardware stack levels used:    1
 This function calls:
		Nothing
 This function is called by:
		_efgtoa
 This function uses a non-reentrant model


 *************** function _pad *****************
 Defined at:
		line 72 in file "C:\Program Files (x86)\Microchip\xc8\v2.05\pic\sources\c99\common\doprnt.c"
 Parameters:    Size  Location     Type
  fp              2   16[COMRAM] PTR struct _IO_FILE
		 -> sprintf@f(6), 
  buf             2   18[COMRAM] PTR unsigned char 
		 -> dbuf(80), 
  p               2   20[COMRAM] int 
 Auto vars:     Size  Location     Type
  w               2   25[COMRAM] int 
  i               2   23[COMRAM] int 
 Return value:  Size  Location     Type
                  2   16[COMRAM] int 
 Registers used:
		wreg, fsr1l, fsr1h, fsr2l, fsr2h, status,2, status,0, cstack
 Tracked objects:
		On entry : 
		On exit  : 
		Unchanged: 
 Data sizes:     COMRAM   BANK0   BANK1   BANK2   BANK3   BANK4   BANK5   BANK6   BANK7   BANK8   BANK9  BANK10  BANK11  BANK12  BANK13  BANK14  BANK15
      Params:         6       0       0       0       0       0       0       0       0       0       0       0       0       0       0       0       0
      Locals:         4       0       0       0       0       0       0       0       0       0       0       0       0       0       0       0       0
      Temps:          1       0       0       0       0       0       0       0       0       0       0       0       0       0       0       0       0
      Totals:        11       0       0       0       0       0       0       0       0       0       0       0       0       0       0       0       0
Total ram usage:       11 bytes
 Hardware stack levels used:    1
 Hardware stack levels required when called:    3
 This function calls:
		_fputc
		_fputs
		_strlen
 This function is called by:
		_efgtoa
 This function uses a non-reentrant model


 *************** function _strlen *****************
 Defined at:
		line 12 in file "C:\Program Files (x86)\Microchip\xc8\v2.05\pic\sources\c99\common\strlen.c"
 Parameters:    Size  Location     Type
  s               2    0[COMRAM] PTR const unsigned char 
		 -> dbuf(80), 
 Auto vars:     Size  Location     Type
  a               2    2[COMRAM] PTR const unsigned char 
		 -> dbuf(80), 
 Return value:  Size  Location     Type
[...]
      Locals:         0       0       0       0       0       0       0       0       0       0       0       0       0       0       0       0       0
      Temps:          0       0       0       0       0       0       0       0       0       0       0       0       0       0       0       0       0
      Totals:         0       0       0       0       0       0       0       0       0       0       0       0       0       0       0       0       0
Total ram usage:        0 bytes
 Hardware stack levels used:    1
 Hardware stack levels required when called:    4
 This function calls:
		_Lcd_Cmd
 This function is called by:
		_init_io_display
 This function uses a non-reentrant model


 *************** function _Lcd_Cmd *****************
 Defined at:
		line 20 in file "lcd_i2c.c"
 Parameters:    Size  Location     Type
  a               1    wreg     unsigned char 
 Auto vars:     Size  Location     Type
  a               1    9[COMRAM] unsigned char 
  buff            2    7[COMRAM] int 
 Return value:  Size  Location     Type
                  1    wreg      void 
 Registers used:
		wreg, status,2, status,0, cstack
 Tracked objects:
		On entry : 
		On exit  : 
		Unchanged: 
 Data sizes:     COMRAM   BANK0   BANK1   BANK2   BANK3   BANK4   BANK5   BANK6   BANK7   BANK8   BANK9  BANK10  BANK11  BANK12  BANK13  BANK14  BANK15
      Params:         0       0       0       0       0       0       0       0       0       0       0       0       0       0       0       0       0
      Locals:         4       0       0       0       0       0       0       0       0       0       0       0       0       0       0       0       0
      Temps:          2       0       0       0       0       0       0       0       0       0       0       0       0       0       0       0       0
      Totals:         6       0       0       0       0       0       0       0       0       0       0       0       0       0       0       0       0
Total ram usage:        6 bytes
 Hardware stack levels used:    1
 Hardware stack levels required when called:    3
 This function calls:
		_Lcd_Port
 This function is called by:
		_Lcd_Clear
		_Lcd_Set_Cursor
		_Lcd_Init
		_Cursor_Off
		_Lcd_Shift_Right
		_Lcd_Shift_Left
		_Cursor_On
		_Cursor_Left
		_Cursor_Right
 This function uses a non-reentrant model


 *************** function _Lcd_Port *****************
 Defined at:
		line 14 in file "lcd_i2c.c"
 Parameters:    Size  Location     Type
  data            1    wreg     unsigned char 
 Auto vars:     Size  Location     Type
  data            1    3[COMRAM] unsigned char 
 Return value:  Size  Location     Type
                  1    wreg      void 
 Registers used:
		wreg, status,2, status,0, cstack
 Tracked objects:
		On entry : 
		On exit  : 
		Unchanged: 
 Data sizes:     COMRAM   BANK0   BANK1   BANK2   BANK3   BANK4   BANK5   BANK6   BANK7   BANK8   BANK9  BANK10  BANK11  BANK12  BANK13  BANK14  BANK15
      Params:         0       0       0       0       0       0       0       0       0       0       0       0       0       0       0       0       0
      Locals:         1       0       0       0       0       0       0       0       0       0       0       0       0       0       0       0       0
      Temps:          0       0       0       0       0       0       0       0       0       0       0       0       0       0       0       0       0
      Totals:         1       0       0       0       0       0       0       0       0       0       0       0       0       0       0       0       0
Total ram usage:        1 bytes
 Hardware stack levels used:    1
 Hardware stack levels required when called:    2
 This function calls:
		_I2C_Master_Start
		_I2C_Master_Stop
		_I2C_Write_Display
 This function is called by:
		_Lcd_Cmd
		_Lcd_Init
		_Lcd_Write_Char
 This function uses a non-reentrant model


 *************** function _I2C_Write_Display *****************
 Defined at:
		line 201 in file "lcd_i2c.c"
 Parameters:    Size  Location     Type
  d               2    1[COMRAM] unsigned int 
 Auto vars:     Size  Location     Type
		None
 Return value:  Size  Location     Type
                  1    wreg      void 
 Registers used:
		wreg, status,2, status,0, cstack
 Tracked objects:
		On entry : 
		On exit  : 
		Unchanged: 
 Data sizes:     COMRAM   BANK0   BANK1   BANK2   BANK3   BANK4   BANK5   BANK6   BANK7   BANK8   BANK9  BANK10  BANK11  BANK12  BANK13  BANK14  BANK15
      Params:         2       0       0       0       0       0       0       0       0       0       0       0       0       0       0       0       0
      Locals:         0       0       0       0       0       0       0       0       0       0       0       0       0       0       0       0       0
      Temps:          0       0       0       0       0       0       0       0       0       0       0       0       0       0       0       0       0
      Totals:         2       0       0       0       0       0       0       0       0       0       0       0       0       0       0       0       0
Total ram usage:        2 bytes
 Hardware stack levels used:    1
 Hardware stack levels required when called:    1
 This function calls:
		_I2C_Master_Wait
 This function is called by:
		_Lcd_Port
 This function uses a non-reentrant model


 *************** function _I2C_Master_Stop *****************
 Defined at:
		line 189 in file "lcd_i2c.c"
 Parameters:    Size  Location     Type
		None
 Auto vars:     Size  Location     Type
		None
 Return value:  Size  Location     Type
                  1    wreg      void 
 Registers used:
		wreg, status,2, status,0, cstack
 Tracked objects:
		On entry : 
		On exit  : 
		Unchanged: 
 Data sizes:     COMRAM   BANK0   BANK1   BANK2   BANK3   BANK4   BANK5   BANK6   BANK7   BANK8   BANK9  BANK10  BANK11  BANK12  BANK13  BANK14  BANK15
      Params:         0       0       0       0       0       0       0       0       0       0       0       0       0       0       0       0       0
      Locals:         0       0       0       0       0       0       0       0       0       0       0       0       0       0       0       0       0
      Temps:          0       0       0       0       0       0       0       0       0       0       0       0       0       0       0       0       0
      Totals:         0       0       0       0       0       0       0       0       0       0       0       0       0       0       0       0       0
Total ram usage:        0 bytes
 Hardware stack levels used:    1
 Hardware stack levels required when called:    1
 This function calls:
		_I2C_Master_Wait
 This function is called by:
		_Lcd_Port
 This function uses a non-reentrant model


 *************** function _I2C_Master_Start *****************
 Defined at:
		line 177 in file "lcd_i2c.c"
 Parameters:    Size  Location     Type
		None
 Auto vars:     Size  Location     Type
		None
 Return value:  Size  Location     Type
                  1    wreg      void 
 Registers used:
		wreg, status,2, status,0, cstack
 Tracked objects:
		On entry : 
		On exit  : 
		Unchanged: 
 Data sizes:     COMRAM   BANK0   BANK1   BANK2   BANK3   BANK4   BANK5   BANK6   BANK7   BANK8   BANK9  BANK10  BANK11  BANK12  BANK13  BANK14  BANK15
      Params:         0       0       0       0       0       0       0       0       0       0       0       0       0       0       0       0       0
      Locals:         0       0       0       0       0       0       0       0       0       0       0       0       0       0       0       0       0
      Temps:          0       0       0       0       0       0       0       0       0       0       0       0       0       0       0       0       0
      Totals:         0       0       0       0       0       0       0       0       0       0       0       0       0       0       0       0       0
Total ram usage:        0 bytes
 Hardware stack levels used:    1
 Hardware stack levels required when called:    1
 This function calls:
		_I2C_Master_Wait
 This function is called by:
		_Lcd_Port
 This function uses a non-reentrant model


 *************** function _I2C_Master_Wait *****************
 Defined at:
		line 170 in file "lcd_i2c.c"
 Parameters:    Size  Location     Type
		None
 Auto vars:     Size  Location     Type
		None
 Return value:  Size  Location     Type
                  1    wreg      void 
 Registers used:
		wreg, status,2, status,0
 Tracked objects:
		On entry : 
		On exit  : 
		Unchanged: 
 Data sizes:     COMRAM   BANK0   BANK1   BANK2   BANK3   BANK4   BANK5   BANK6   BANK7   BANK8   BANK9  BANK10  BANK11  BANK12  BANK13  BANK14  BANK15
      Params:         0       0       0       0       0       0       0       0       0       0       0       0       0       0       0       0       0
      Locals:         0       0       0       0       0       0       0       0       0       0       0       0       0       0       0       0       0
      Temps:          1       0       0       0       0       0       0       0       0       0       0       0       0       0       0       0       0
      Totals:         1       0       0       0       0       0       0       0       0       0       0       0       0       0       0       0       0
Total ram usage:        1 bytes
 Hardware stack levels used:    1
 This function calls:
		Nothing
 This function is called by:
		_I2C_Master_Start
		_I2C_Master_Stop
		_I2C_Write_Display
		_I2C_Master_RepeatedStart
		_I2C_Master_Write
		_I2C_Master_Read
 This function uses a non-reentrant model


 *************** function _config *****************
 Defined at:
		line 14 in file "config.c"
 Parameters:    Size  Location     Type
		None
 Auto vars:     Size  Location     Type
		None
 Return value:  Size  Location     Type
                  1    wreg      void 
 Registers used:
		wreg, status,2
 Tracked objects:
		On entry : 
		On exit  : 
		Unchanged: 
 Data sizes:     COMRAM   BANK0   BANK1   BANK2   BANK3   BANK4   BANK5   BANK6   BANK7   BANK8   BANK9  BANK10  BANK11  BANK12  BANK13  BANK14  BANK15
      Params:         0       0       0       0       0       0       0       0       0       0       0       0       0       0       0       0       0
      Locals:         0       0       0       0       0       0       0       0       0       0       0       0       0       0       0       0       0
      Temps:          0       0       0       0       0       0       0       0       0       0       0       0       0       0       0       0       0
      Totals:         0       0       0       0       0       0       0       0       0       0       0       0       0       0       0       0       0
Total ram usage:        0 bytes
 Hardware stack levels used:    1
 This function calls:
		Nothing
 This function is called by:
		_main
 This function uses a non-reentrant model


 *************** function _adc_config *****************
 Defined at:
		line 54 in file "config.c"
 Parameters:    Size  Location     Type
		None
 Auto vars:     Size  Location     Type
		None
 Return value:  Size  Location     Type
                  1    wreg      void 
 Registers used:
		wreg, status,2
 Tracked objects:
		On entry : 
		On exit  : 
		Unchanged: 
 Data sizes:     COMRAM   BANK0   BANK1   BANK2   BANK3   BANK4   BANK5   BANK6   BANK7   BANK8   BANK9  BANK10  BANK11  BANK12  BANK13  BANK14  BANK15
      Params:         0       0       0       0       0       0       0       0       0       0       0       0       0       0       0       0       0
      Locals:         0       0       0       0       0       0       0       0       0       0       0       0       0       0       0       0       0
      Temps:          0       0       0       0       0       0       0       0       0       0       0       0       0       0       0       0       0
      Totals:         0       0       0       0       0       0       0       0       0       0       0       0       0       0       0       0       0
Total ram usage:        0 bytes
 Hardware stack levels used:    1
 This function calls:
		Nothing
 This function is called by:
		_main
 This function uses a non-reentrant model



MODULE INFORMATION

Module		Function		Class		Link	Load	Size
C:\Program Files (x86)\Microchip\xc8\v2.05\pic\sources\c99\common\awmod.c
		___awmod       		CODE           	384E	0000	113

C:\Program Files (x86)\Microchip\xc8\v2.05\pic\sources\c99\common\awmod.c estimated size: 113

C:\Program Files (x86)\Microchip\xc8\v2.05\pic\sources\c99\common\__fpclassifyf.c
		___fpclassifyf 		CODE           	30B0	0000	205

C:\Program Files (x86)\Microchip\xc8\v2.05\pic\sources\c99\common\__fpclassifyf.c estimated size: 205

C:\Program Files (x86)\Microchip\xc8\v2.05\pic\sources\c99\common\putch.c
		_putch         		CODE           	3FA6	0000	3

C:\Program Files (x86)\Microchip\xc8\v2.05\pic\sources\c99\common\putch.c estimated size: 3

C:\Program Files (x86)\Microchip\xc8\v2.05\pic\sources\c99\common\floorf.c
		_floorf        		CODE           	2982	0000	439

C:\Program Files (x86)\Microchip\xc8\v2.05\pic\sources\c99\common\floorf.c estimated size: 439

C:\Program Files (x86)\Microchip\xc8\v2.05\pic\sources\c99\common\flge.c
		___flge        		CODE           	2FE0	0000	209

C:\Program Files (x86)\Microchip\xc8\v2.05\pic\sources\c99\common\flge.c estimated size: 209

C:\Program Files (x86)\Microchip\xc8\v2.05\pic\sources\c99\common\nf_fputc.c
		_fputc         		CODE           	338E	0000	161

C:\Program Files (x86)\Microchip\xc8\v2.05\pic\sources\c99\common\nf_fputc.c estimated size: 161

C:\Program Files (x86)\Microchip\xc8\v2.05\pic\sources\c99\common\xxtofl.c
		___xxtofl      		CODE           	2C78	0000	321

C:\Program Files (x86)\Microchip\xc8\v2.05\pic\sources\c99\common\xxtofl.c estimated size: 321

C:\Program Files (x86)\Microchip\xc8\v2.05\pic\sources\c99\common\isupper.c
		_isupper       		CODE           	3E18	0000	49

C:\Program Files (x86)\Microchip\xc8\v2.05\pic\sources\c99\common\isupper.c estimated size: 49

lcd_i2c.c
		_Lcd_Write_String		CODE           	37D8	0000	119
		_Lcd_Init      		CODE           	375C	0000	125
		_Lcd_Write_Char		CODE           	3A44	0000	89
		_I2C_Master_Wait		CODE           	3F52	0000	19
		_I2C_Master_Init		CODE           	39EA	0000	91
		_I2C_Master_Stop		CODE           	3F96	0000	9
		_Lcd_Cmd       		CODE           	3CDC	0000	73
		_Lcd_Set_Cursor		CODE           	3C40	0000	81
		_Lcd_Clear     		CODE           	3F64	0000	15
		_Cursor_Off    		CODE           	3F72	0000	15
		_I2C_Write_Display		CODE           	3F8C	0000	11
		_Lcd_Port      		CODE           	3F18	0000	35
		_I2C_Master_Start		CODE           	3F9E	0000	9

lcd_i2c.c estimated size: 691

C:\Program Files (x86)\Microchip\xc8\v2.05\pic\sources\c99\common\strlen.c
		_strlen        		CODE           	3EA6	0000	43

C:\Program Files (x86)\Microchip\xc8\v2.05\pic\sources\c99\common\strlen.c estimated size: 43

C:\Program Files (x86)\Microchip\xc8\v2.05\pic\sources\c99\common\strcpy.c
		_strcpy        		CODE           	3B46	0000	85

C:\Program Files (x86)\Microchip\xc8\v2.05\pic\sources\c99\common\strcpy.c estimated size: 85

C:\Program Files (x86)\Microchip\xc8\v2.05\pic\sources\c99\common\isspace.c
		_isspace       		CODE           	3D6A	0000	63

C:\Program Files (x86)\Microchip\xc8\v2.05\pic\sources\c99\common\isspace.c estimated size: 63

C:\Program Files (x86)\Microchip\xc8\v2.05\pic\sources\c99\common\awdiv.c
		___awdiv       		CODE           	3552	0000	133

C:\Program Files (x86)\Microchip\xc8\v2.05\pic\sources\c99\common\awdiv.c estimated size: 133

C:\Program Files (x86)\Microchip\xc8\v2.05\pic\sources\c99\common\fltol.c
		___fltol       		CODE           	317C	0000	187

C:\Program Files (x86)\Microchip\xc8\v2.05\pic\sources\c99\common\fltol.c estimated size: 187

config.c
		_init_io_display		CODE           	38BE	0000	109
		_config        		CODE           	3B9A	0000	85
		_pwm_config    		CODE           	3F3A	0000	25
		_adc_config    		CODE           	3F80	0000	13

config.c estimated size: 232

C:\Program Files (x86)\Microchip\xc8\v2.05\pic\sources\c99\common\strncmp.c
		_strncmp       		CODE           	32EC	0000	163

C:\Program Files (x86)\Microchip\xc8\v2.05\pic\sources\c99\common\strncmp.c estimated size: 163

C:\Program Files (x86)\Microchip\xc8\v2.05\pic\sources\c99\common\tolower.c
		_tolower       		CODE           	3C90	0000	77

C:\Program Files (x86)\Microchip\xc8\v2.05\pic\sources\c99\common\tolower.c estimated size: 77

C:\Program Files (x86)\Microchip\xc8\v2.05\pic\sources\c99\common\sprcmul.c
		___flmul       		CODE           	1D6C	0000	851

C:\Program Files (x86)\Microchip\xc8\v2.05\pic\sources\c99\common\sprcmul.c estimated size: 851

C:\Program Files (x86)\Microchip\xc8\v2.05\pic\sources\c99\common\__lldiv.c
		___lldiv       		CODE           	36DA	0000	131

C:\Program Files (x86)\Microchip\xc8\v2.05\pic\sources\c99\common\__lldiv.c estimated size: 131

C:\Program Files (x86)\Microchip\xc8\v2.05\pic\sources\c99\common\sprcdiv.c
		___fldiv       		CODE           	26FA	0000	649

C:\Program Files (x86)\Microchip\xc8\v2.05\pic\sources\c99\common\sprcdiv.c estimated size: 649

C:\Program Files (x86)\Microchip\xc8\v2.05\pic\sources\c99\common\doprnt.c
		_vfpfcnvrt     		CODE           	19C8	0000	933
		_efgtoa        		CODE           	104C	0000	2429
		_pad           		CODE           	342E	0000	155
		_vfprintf      		CODE           	3A9C	0000	87

C:\Program Files (x86)\Microchip\xc8\v2.05\pic\sources\c99\common\doprnt.c estimated size: 3604

shared
		__initialization		CODE           	3EF6	0000	25

shared estimated size: 25

C:\Program Files (x86)\Microchip\xc8\v2.05\pic\sources\c99\common\nf_sprintf.c
		_sprintf       		CODE           	3BEE	0000	83

C:\Program Files (x86)\Microchip\xc8\v2.05\pic\sources\c99\common\nf_sprintf.c estimated size: 83

C:\Program Files (x86)\Microchip\xc8\v2.05\pic\sources\c99\common\Umul16.c
		___wmul        		CODE           	3ED0	0000	39

C:\Program Files (x86)\Microchip\xc8\v2.05\pic\sources\c99\common\Umul16.c estimated size: 39

C:\Program Files (x86)\Microchip\xc8\v2.05\pic\sources\c99\common\atoi.c
		_atoi          		CODE           	2B38	0000	321

C:\Program Files (x86)\Microchip\xc8\v2.05\pic\sources\c99\common\atoi.c estimated size: 321

C:\Program Files (x86)\Microchip\xc8\v2.05\pic\sources\c99\common\fleq.c
		___fleq        		CODE           	34C8	0000	139

C:\Program Files (x86)\Microchip\xc8\v2.05\pic\sources\c99\common\fleq.c estimated size: 139

C:\Program Files (x86)\Microchip\xc8\v2.05\pic\sources\c99\common\nf_fputs.c
		_fputs         		CODE           	3DA8	0000	57

C:\Program Files (x86)\Microchip\xc8\v2.05\pic\sources\c99\common\nf_fputs.c estimated size: 57

C:\Program Files (x86)\Microchip\xc8\v2.05\pic\sources\c99\common\flneg.c
		___flneg       		CODE           	3E78	0000	47

C:\Program Files (x86)\Microchip\xc8\v2.05\pic\sources\c99\common\flneg.c estimated size: 47

mppt.c
		_set_boost     		CODE           	3658	0000	131
		_read_Uin      		CODE           	3236	0000	183
		_read_Iout     		CODE           	2EDE	0000	259
		_read_Uout     		CODE           	2DB8	0000	295
		_write_Iout    		CODE           	398A	0000	97
		_write_Uin     		CODE           	392A	0000	97
		_pwm_init      		CODE           	3DE0	0000	57
		_write_Uout    		CODE           	3AF2	0000	85
		_set_buck      		CODE           	35D6	0000	131

mppt.c estimated size: 1335

main.c
		_main          		CODE           	20BE	0000	817

main.c estimated size: 817

C:\Program Files (x86)\Microchip\xc8\v2.05\pic\sources\c99\common\isdigit.c
		_isdigit       		CODE           	3E48	0000	49

C:\Program Files (x86)\Microchip\xc8\v2.05\pic\sources\c99\common\isdigit.c estimated size: 49

C:\Program Files (x86)\Microchip\xc8\v2.05\pic\sources\c99\common\sprcadd.c
		___flsub       		CODE           	3D24	0000	71
		___fladd       		CODE           	23EE	0000	781

C:\Program Files (x86)\Microchip\xc8\v2.05\pic\sources\c99\common\sprcadd.c estimated size: 852

